[11-28|10:02:25] INFO Sync Mode full
[11-28|10:02:25] INFO Data directory: ./network-data
[11-28|10:02:25] INFO Full sync mode
[11-28|10:02:25] INFO Initializing Ethereumjs client version=vundefined network=mainnet chainId=1
[11-28|10:02:25] INFO Preparing for sync using FullEthereumService with FullSynchronizer.
[11-28|10:02:25] DEBUG Read SYNCING linked=false subchains= reset=false el=0 hash=0xd4e5…8fa3
[11-28|10:02:25] INFO Latest local block number=0 td=17179869184 hash=0xd4e5…8fa3 hardfork=chainstart
[11-28|10:02:25] INFO Initializing VM merkle statemanager genesis hardfork=chainstart
[11-28|10:02:25] INFO Setting up merkleVM
[11-28|10:02:25] INFO Initializing account cache size=400000
[11-28|10:02:25] INFO Initializing storage cache size=200000
[11-28|10:02:25] INFO Initializing code cache size=200000
[11-28|10:02:25] INFO Initializing trie cache size=200000
[11-28|10:02:32] INFO Caught interrupt signal. Obtaining client handle for clean shutdown...
[11-28|10:02:32] INFO (This might take a little longer if client not yet fully started)
[11-28|10:02:32] INFO Caught interrupt signal. Obtaining client handle for clean shutdown...
[11-28|10:02:32] INFO (This might take a little longer if client not yet fully started)
[11-28|10:02:33] INFO Caught interrupt signal. Obtaining client handle for clean shutdown...
[11-28|10:02:33] INFO (This might take a little longer if client not yet fully started)
[11-28|10:02:33] INFO Caught interrupt signal. Obtaining client handle for clean shutdown...
[11-28|10:02:33] INFO (This might take a little longer if client not yet fully started)
[11-28|10:02:33] INFO Caught interrupt signal. Obtaining client handle for clean shutdown...
[11-28|10:02:33] INFO (This might take a little longer if client not yet fully started)
[11-28|10:02:44] INFO Sync Mode full
[11-28|10:02:44] INFO Data directory: ./network-data
[11-28|10:02:44] INFO Full sync mode
[11-28|10:02:44] INFO Initializing Ethereumjs client version=vundefined network=mainnet chainId=1
[11-28|10:02:44] INFO Preparing for sync using FullEthereumService with FullSynchronizer.
[11-28|10:02:44] DEBUG Read SYNCING linked=false subchains= reset=false el=0 hash=0xd4e5…8fa3
[11-28|10:02:44] INFO Latest local block number=0 td=17179869184 hash=0xd4e5…8fa3 hardfork=chainstart
[11-28|10:02:44] INFO Initializing VM merkle statemanager genesis hardfork=chainstart
[11-28|10:02:44] INFO Setting up merkleVM
[11-28|10:02:44] INFO Initializing account cache size=400000
[11-28|10:02:44] INFO Initializing storage cache size=200000
[11-28|10:02:44] INFO Initializing code cache size=200000
[11-28|10:02:44] INFO Initializing trie cache size=200000
[11-28|10:03:24] INFO Caught interrupt signal. Obtaining client handle for clean shutdown...
[11-28|10:03:24] INFO (This might take a little longer if client not yet fully started)
[11-28|10:03:24] INFO Caught interrupt signal. Obtaining client handle for clean shutdown...
[11-28|10:03:24] INFO (This might take a little longer if client not yet fully started)
[11-28|10:03:24] INFO Caught interrupt signal. Obtaining client handle for clean shutdown...
[11-28|10:03:24] INFO (This might take a little longer if client not yet fully started)
[11-28|10:03:24] INFO Caught interrupt signal. Obtaining client handle for clean shutdown...
[11-28|10:03:24] INFO (This might take a little longer if client not yet fully started)
[11-28|10:03:24] INFO Caught interrupt signal. Obtaining client handle for clean shutdown...
[11-28|10:03:24] INFO (This might take a little longer if client not yet fully started)
[11-28|10:03:24] INFO Caught interrupt signal. Obtaining client handle for clean shutdown...
[11-28|10:03:24] INFO (This might take a little longer if client not yet fully started)
