[11-28|09:54:38] INFO Sync Mode full
[11-28|09:54:38] INFO Data directory: `./network-data-eth
[11-28|09:54:38] INFO Full sync mode
[11-28|09:54:38] INFO Initializing Ethereumjs client version=vundefined network=mainnet chainId=1
[11-28|09:54:38] INFO Preparing for sync using FullEthereumService with FullSynchronizer.
[11-28|09:54:38] DEBUG Read SYNCING linked=false subchains= reset=false el=0 hash=0xd4e5…8fa3
[11-28|09:54:38] INFO Latest local block number=0 td=17179869184 hash=0xd4e5…8fa3 hardfork=chainstart
[11-28|09:54:38] INFO Initializing VM merkle statemanager genesis hardfork=chainstart
[11-28|09:54:38] INFO Setting up merkleVM
[11-28|09:54:38] INFO Initializing account cache size=400000
[11-28|09:54:38] INFO Initializing storage cache size=200000
[11-28|09:54:38] INFO Initializing code cache size=200000
[11-28|09:54:38] INFO Initializing trie cache size=200000
[11-28|09:55:19] INFO Setup EVM execution.
[11-28|09:55:19] INFO Setup networking and services.
[11-28|09:55:19] DEBUG Waiting for best peer (attempt #1)
[11-28|09:55:19] INFO Started eth service.
[11-28|09:55:19] INFO Skipped execution run vmHead=0 canonicalHead=0 hardfork=chainstart execution=true
[11-28|09:55:19] INFO Started rlpx server maxPeers=25
[11-28|09:55:19] INFO Started discovery service discV4=true dns=false refreshInterval=30000
[11-28|09:55:19] DEBUG Running execution startHeadBlock=0 canonicalHead=0 loop=true
[11-28|09:55:19] INFO Server listener up transport=rlpx url=enode://345993fa205ff0c491042d50c5d4fce47ab2c757f3426273193ffc44acc84d41cd0620039ce027c82eb670ce3e09f1dba772eac665fd1e0b9d68b85a7216b462@127.0.0.1:30303
[11-28|09:55:20] INFO ---------------------------
[11-28|09:55:20] INFO Client started successfully
[11-28|09:55:20] INFO ---------------------------
[11-28|09:55:24] DEBUG Waiting for best peer (attempt #2)
[11-28|09:55:29] DEBUG Waiting for best peer (attempt #3)
[11-28|09:55:34] DEBUG Waiting for best peer (attempt #4)
[11-28|09:55:39] INFO Looking for suited peers: peertablesize=15
[11-28|09:55:39] DEBUG Waiting for best peer (attempt #5)
[11-28|09:55:44] DEBUG Waiting for best peer (attempt #6)
[11-28|09:55:49] INFO Memory stats usage=117 MB percentage=3%
[11-28|09:55:49] DEBUG Waiting for best peer (attempt #7)
[11-28|09:55:54] DEBUG Waiting for best peer (attempt #8)
[11-28|09:55:59] INFO Looking for suited peers: peertablesize=16
[11-28|09:55:59] DEBUG Waiting for best peer (attempt #9)
[11-28|09:56:04] DEBUG Waiting for best peer (attempt #10)
[11-28|09:56:09] DEBUG Waiting for best peer (attempt #11)
[11-28|09:56:14] DEBUG Waiting for best peer (attempt #12)
[11-28|09:56:19] INFO Restarting RLPx server
[11-28|09:56:19] INFO Stopped rlpx server.
[11-28|09:56:19] INFO Started rlpx server maxPeers=25
[11-28|09:56:19] INFO Started discovery service discV4=true dns=false refreshInterval=30000
[11-28|09:56:19] INFO Server listener up transport=rlpx url=enode://345993fa205ff0c491042d50c5d4fce47ab2c757f3426273193ffc44acc84d41cd0620039ce027c82eb670ce3e09f1dba772eac665fd1e0b9d68b85a7216b462@127.0.0.1:30303
[11-28|09:56:19] INFO Reinitiating server bootstrap
[11-28|09:56:19] DEBUG Memory stats usage=130 MB percentage=3%
[11-28|09:56:19] DEBUG Waiting for best peer (attempt #13)
[11-28|09:56:24] DEBUG Waiting for best peer (attempt #14)
[11-28|09:56:29] DEBUG Waiting for best peer (attempt #15)
[11-28|09:56:34] DEBUG Waiting for best peer (attempt #16)
[11-28|09:56:39] INFO Looking for suited peers: peertablesize=16
[11-28|09:56:39] DEBUG Waiting for best peer (attempt #17)
[11-28|09:56:44] DEBUG Waiting for best peer (attempt #18)
[11-28|09:56:49] DEBUG Memory stats usage=93 MB percentage=2%
[11-28|09:56:49] DEBUG Waiting for best peer (attempt #19)
[11-28|09:56:54] DEBUG Waiting for best peer (attempt #20)
[11-28|09:56:59] INFO Looking for suited peers: peertablesize=16
[11-28|09:56:59] DEBUG Waiting for best peer (attempt #21)
[11-28|09:57:04] DEBUG Waiting for best peer (attempt #22)
[11-28|09:57:09] DEBUG Waiting for best peer (attempt #23)
[11-28|09:57:14] DEBUG Waiting for best peer (attempt #24)
[11-28|09:57:19] INFO Restarting RLPx server
[11-28|09:57:19] INFO Stopped rlpx server.
[11-28|09:57:19] INFO Started rlpx server maxPeers=25
[11-28|09:57:19] INFO Started discovery service discV4=true dns=false refreshInterval=30000
[11-28|09:57:19] INFO Server listener up transport=rlpx url=enode://345993fa205ff0c491042d50c5d4fce47ab2c757f3426273193ffc44acc84d41cd0620039ce027c82eb670ce3e09f1dba772eac665fd1e0b9d68b85a7216b462@127.0.0.1:30303
[11-28|09:57:19] INFO Reinitiating server bootstrap
[11-28|09:57:19] DEBUG Memory stats usage=109 MB percentage=2%
[11-28|09:57:19] DEBUG Waiting for best peer (attempt #25)
[11-28|09:57:24] DEBUG Waiting for best peer (attempt #26)
[11-28|09:57:29] DEBUG Waiting for best peer (attempt #27)
[11-28|09:57:34] DEBUG Waiting for best peer (attempt #28)
[11-28|09:57:37] INFO Caught interrupt signal. Obtaining client handle for clean shutdown...
[11-28|09:57:37] INFO (This might take a little longer if client not yet fully started)
[11-28|09:57:37] INFO Shutting down the client and the servers...
[11-28|09:57:37] INFO Caught interrupt signal. Obtaining client handle for clean shutdown...
[11-28|09:57:37] INFO (This might take a little longer if client not yet fully started)
[11-28|09:57:37] INFO Shutting down the client and the servers...
[11-28|09:57:37] INFO Caught interrupt signal. Obtaining client handle for clean shutdown...
[11-28|09:57:37] INFO (This might take a little longer if client not yet fully started)
[11-28|09:57:37] INFO Shutting down the client and the servers...
[11-28|09:57:37] INFO Caught interrupt signal. Obtaining client handle for clean shutdown...
[11-28|09:57:37] INFO (This might take a little longer if client not yet fully started)
[11-28|09:57:37] INFO Shutting down the client and the servers...
[11-28|09:57:37] INFO Caught interrupt signal. Obtaining client handle for clean shutdown...
[11-28|09:57:37] INFO (This might take a little longer if client not yet fully started)
[11-28|09:57:37] INFO Shutting down the client and the servers...
[11-28|09:57:37] INFO Caught interrupt signal. Obtaining client handle for clean shutdown...
[11-28|09:57:37] INFO (This might take a little longer if client not yet fully started)
[11-28|09:57:37] INFO Shutting down the client and the servers...
[11-28|09:57:39] INFO Looking for suited peers: peertablesize=16
[11-28|09:57:39] DEBUG Waiting for best peer (attempt #29)
[11-28|09:57:44] DEBUG Waiting for best peer (attempt #30)
[11-28|09:57:45] INFO Stopped synchronization.
[11-28|09:57:45] INFO Stopped execution.
[11-28|09:57:45] INFO Stopped eth service.
