[11-28|09:52:11] INFO Sync Mode full
[11-28|09:52:11] INFO Data directory: `./network-data-eth`
[11-28|09:52:11] INFO Full sync mode
[11-28|09:52:11] INFO Initializing Ethereumjs client version=vundefined network=mainnet chainId=1
[11-28|09:52:11] INFO Preparing for sync using FullEthereumService with FullSynchronizer.
[11-28|09:52:11] DEBUG Read SYNCING linked=false subchains= reset=false el=0 hash=0xd4e5…8fa3
[11-28|09:52:11] INFO Latest local block number=0 td=17179869184 hash=0xd4e5…8fa3 hardfork=chainstart
[11-28|09:52:11] INFO Initializing VM merkle statemanager genesis hardfork=chainstart
[11-28|09:52:11] INFO Setting up merkleVM
[11-28|09:52:11] INFO Initializing account cache size=400000
[11-28|09:52:11] INFO Initializing storage cache size=200000
[11-28|09:52:11] INFO Initializing code cache size=200000
[11-28|09:52:11] INFO Initializing trie cache size=200000
[11-28|09:52:54] INFO Setup EVM execution.
[11-28|09:52:54] INFO Setup networking and services.
[11-28|09:52:54] DEBUG Waiting for best peer (attempt #1)
[11-28|09:52:54] INFO Started eth service.
[11-28|09:52:54] INFO Skipped execution run vmHead=0 canonicalHead=0 hardfork=chainstart execution=true
[11-28|09:52:54] INFO Started rlpx server maxPeers=25
[11-28|09:52:54] INFO Started discovery service discV4=true dns=false refreshInterval=30000
[11-28|09:52:54] DEBUG Running execution startHeadBlock=0 canonicalHead=0 loop=true
[11-28|09:52:54] INFO Server listener up transport=rlpx url=enode://c06a20197c5db9225bfcc528acf30fcaa4d2e24d99f5bc668c665cc30dfbf1e4d3b509631f99f9f14a47e5d8fcd35a0f95e967ae8cba6f2624dfa29fa5ab278a@127.0.0.1:30303
[11-28|09:52:55] INFO ---------------------------
[11-28|09:52:55] INFO Client started successfully
[11-28|09:52:55] INFO ---------------------------
[11-28|09:52:59] DEBUG Waiting for best peer (attempt #2)
[11-28|09:53:04] DEBUG Waiting for best peer (attempt #3)
[11-28|09:53:09] DEBUG Waiting for best peer (attempt #4)
[11-28|09:53:14] INFO Looking for suited peers: peertablesize=15
[11-28|09:53:14] DEBUG Waiting for best peer (attempt #5)
[11-28|09:53:19] DEBUG Waiting for best peer (attempt #6)
[11-28|09:53:24] INFO Memory stats usage=258 MB percentage=6%
[11-28|09:53:24] DEBUG Waiting for best peer (attempt #7)
[11-28|09:53:29] DEBUG Waiting for best peer (attempt #8)
[11-28|09:53:34] INFO Looking for suited peers: peertablesize=16
[11-28|09:53:34] DEBUG Waiting for best peer (attempt #9)
[11-28|09:53:39] DEBUG Waiting for best peer (attempt #10)
[11-28|09:53:45] DEBUG Waiting for best peer (attempt #11)
[11-28|09:53:50] DEBUG Waiting for best peer (attempt #12)
[11-28|09:53:54] INFO Restarting RLPx server
[11-28|09:53:54] INFO Stopped rlpx server.
[11-28|09:53:54] INFO Started rlpx server maxPeers=25
[11-28|09:53:54] INFO Started discovery service discV4=true dns=false refreshInterval=30000
[11-28|09:53:54] INFO Server listener up transport=rlpx url=enode://c06a20197c5db9225bfcc528acf30fcaa4d2e24d99f5bc668c665cc30dfbf1e4d3b509631f99f9f14a47e5d8fcd35a0f95e967ae8cba6f2624dfa29fa5ab278a@127.0.0.1:30303
[11-28|09:53:54] INFO Reinitiating server bootstrap
[11-28|09:53:54] DEBUG Memory stats usage=84 MB percentage=2%
[11-28|09:53:55] DEBUG Waiting for best peer (attempt #13)
[11-28|09:54:00] DEBUG Waiting for best peer (attempt #14)
[11-28|09:54:05] DEBUG Waiting for best peer (attempt #15)
[11-28|09:54:10] DEBUG Waiting for best peer (attempt #16)
[11-28|09:54:14] INFO Looking for suited peers: peertablesize=16
[11-28|09:54:15] DEBUG Waiting for best peer (attempt #17)
[11-28|09:54:20] DEBUG Waiting for best peer (attempt #18)
[11-28|09:54:25] DEBUG Memory stats usage=79 MB percentage=2%
[11-28|09:54:25] DEBUG Waiting for best peer (attempt #19)
[11-28|09:54:26] INFO Caught interrupt signal. Obtaining client handle for clean shutdown...
[11-28|09:54:26] INFO (This might take a little longer if client not yet fully started)
[11-28|09:54:26] INFO Shutting down the client and the servers...
[11-28|09:54:26] INFO Caught interrupt signal. Obtaining client handle for clean shutdown...
[11-28|09:54:26] INFO (This might take a little longer if client not yet fully started)
[11-28|09:54:26] INFO Shutting down the client and the servers...
[11-28|09:54:26] INFO Caught interrupt signal. Obtaining client handle for clean shutdown...
[11-28|09:54:26] INFO (This might take a little longer if client not yet fully started)
[11-28|09:54:26] INFO Shutting down the client and the servers...
[11-28|09:54:26] INFO Caught interrupt signal. Obtaining client handle for clean shutdown...
[11-28|09:54:26] INFO (This might take a little longer if client not yet fully started)
[11-28|09:54:26] INFO Shutting down the client and the servers...
