[11-28|12:44:21] INFO Starting Metrics Server on port 9002
[11-28|12:44:21] INFO Sync Mode full
[11-28|12:44:21] INFO Reading custom genesis state accounts=1
[11-28|12:44:21] INFO Data directory: ./data/node3
[11-28|12:44:21] INFO Full sync mode
[11-28|12:44:21] INFO Initializing Ethereumjs client version=vundefined network=devnet chainId=123456
[11-28|12:44:21] INFO Preparing for sync using FullEthereumService with FullSynchronizer.
[11-28|12:44:21] DEBUG Read SYNCING linked=false subchains= reset=false el=0 hash=0x0c4d…36e0
[11-28|12:44:21] INFO Latest local block number=0 td=1 hash=0x0c4d…36e0 hardfork=london
[11-28|12:44:21] INFO Initializing VM merkle statemanager genesis hardfork=london
[11-28|12:44:21] INFO Setting up merkleVM
[11-28|12:44:21] INFO Initializing account cache size=400000
[11-28|12:44:21] INFO Initializing storage cache size=200000
[11-28|12:44:21] INFO Initializing code cache size=200000
[11-28|12:44:21] INFO Initializing trie cache size=200000
[11-28|12:44:21] INFO Setup EVM execution.
[11-28|12:44:21] INFO Setup networking and services.
[11-28|12:44:21] DEBUG Waiting for best peer (attempt #1)
[11-28|12:44:21] INFO Started eth service.
[11-28|12:44:21] INFO Skipped execution run vmHead=0 canonicalHead=0 hardfork=london execution=true
[11-28|12:44:21] INFO Started rlpx server maxPeers=25
[11-28|12:44:21] INFO Started discovery service discV4=true dns=false refreshInterval=30000
[11-28|12:44:21] DEBUG Running execution startHeadBlock=0 canonicalHead=0 loop=true
[11-28|12:44:21] INFO Server listener up transport=rlpx url=enode://ef2495ec2bdbe5a6ed592579914133c7ab0d254bd4ecab97f09d7e073e9a61b17d74d11bff6ecfdc2e53ad22356b9d9cef7d6d8f9e063c9e07b1dc3f9a127046@127.0.0.1:8002
[11-28|12:44:21] DEBUG RPC Initialized eth_blockNumber, eth_call, eth_chainId, eth_maxPriorityFeePerGas, eth_estimateGas, eth_getBalance, eth_coinbase, eth_getBlockByHash, eth_getBlockByNumber, eth_getBlockTransactionCountByHash, eth_getCode, eth_getStorageAt, eth_getTransactionByBlockHashAndIndex, eth_getTransactionByBlockNumberAndIndex, eth_getTransactionByHash, eth_getTransactionCount, eth_protocolVersion, eth_getUncleCountByBlockNumber, eth_getBlockReceipts, eth_getTransactionReceipt, eth_getLogs, eth_sendRawTransaction, eth_getProof, eth_syncing, eth_getBlockTransactionCountByNumber, eth_gasPrice, eth_feeHistory, eth_blobBaseFee, web3_clientVersion, web3_sha3, net_version, net_listening, net_peerCount, admin_nodeInfo, admin_peers, admin_addPeer, txpool_content, debug_traceTransaction, debug_traceCall, debug_storageRangeAt, debug_getRawBlock, debug_getRawHeader, debug_getRawReceipts, debug_getRawTransaction, debug_verbosity, debug_setHead
[11-28|12:44:21] INFO Started JSON RPC Server address=http://127.0.0.1:8547 namespaces=eth,web3,net,admin,txpool,debug
[11-28|12:44:21] DEBUG Methods available at address=http://127.0.0.1:8547 namespaces=eth,web3,net,admin,txpool,debug methods=eth_blockNumber,eth_call,eth_chainId,eth_maxPriorityFeePerGas,eth_estimateGas,eth_getBalance,eth_coinbase,eth_getBlockByHash,eth_getBlockByNumber,eth_getBlockTransactionCountByHash,eth_getCode,eth_getStorageAt,eth_getTransactionByBlockHashAndIndex,eth_getTransactionByBlockNumberAndIndex,eth_getTransactionByHash,eth_getTransactionCount,eth_protocolVersion,eth_getUncleCountByBlockNumber,eth_getBlockReceipts,eth_getTransactionReceipt,eth_getLogs,eth_sendRawTransaction,eth_getProof,eth_syncing,eth_getBlockTransactionCountByNumber,eth_gasPrice,eth_feeHistory,eth_blobBaseFee,web3_clientVersion,web3_sha3,net_version,net_listening,net_peerCount,admin_nodeInfo,admin_peers,admin_addPeer,txpool_content,debug_traceTransaction,debug_traceCall,debug_storageRangeAt,debug_getRawBlock,debug_getRawHeader,debug_getRawReceipts,debug_getRawTransaction,debug_verbosity,debug_setHead
[11-28|12:44:21] INFO ---------------------------
[11-28|12:44:21] INFO Client started successfully
[11-28|12:44:21] INFO ---------------------------
[11-28|12:44:21] DEBUG Peer connected: id=665eef41 address=127.0.0.1:8000 transport=rlpx protocols=eth,snap inbound=true
[11-28|12:44:21] DEBUG Found full peer: id=665eef41 address=127.0.0.1:8000 transport=rlpx protocols=eth,snap inbound=true
[11-28|12:44:21] DEBUG Peer added: id=665eef41 address=127.0.0.1:8000 transport=rlpx protocols=eth,snap inbound=true
[11-28|12:44:27] INFO New sync target height=43 hash=0x117b04db22b802a920bb195e8089243e0f31bf6da3e4402cb6…
[11-28|12:44:27] INFO New sync target height=44 hash=0xe89f9324ca104ea7b7b2d0dc4d7771dc55545719c2328d4f3d…
[11-28|12:44:28] DEBUG Client synchronized=false height=43 syncTargetHeight=44 lastSyncDate=1764333868.684 secs ago
[11-28|12:44:28] INFO Imported blocks count=43 first=1 last=43 hash=0x8c9e…8f7b baseFee=7 hardfork=london peers=1
[11-28|12:44:28] DEBUG Running execution startHeadBlock=0 canonicalHead=43 loop=true
[11-28|12:44:28] INFO Executed blocks count=43 first=0 hash=0x0c4d…36e0 td=87 baseFee=7 hardfork=london last=43 hash=0x117b…c335 txs=0
[11-28|12:44:35] INFO New sync target height=45 hash=0x02ea…a544
[11-28|12:44:35] INFO --------------------------------------------------------
[11-28|12:44:35] INFO Synchronized blockchain at height=45 hash=0x02ea…a544 🎉
[11-28|12:44:35] INFO --------------------------------------------------------
[11-28|12:44:35] DEBUG Finishing up sync with the current fetcher  height=45
[11-28|12:44:35] DEBUG Client synchronized=true height=45 syncTargetHeight=45 lastSyncDate=0.141 secs ago
[11-28|12:44:35] INFO Imported blocks count=2 first=44 last=45 hash=0xe89f…8c14 baseFee=7 hardfork=london peers=1
[11-28|12:44:35] INFO ---------------
[11-28|12:44:35] INFO TxPool started.
[11-28|12:44:35] INFO ---------------
[11-28|12:44:35] DEBUG Running execution startHeadBlock=43 canonicalHead=45 loop=true
[11-28|12:44:35] INFO Executed blocks count=2 first=43 hash=0x117b…c335 td=91 baseFee=7 hardfork=london last=45 hash=0x02ea…a544 txs=0
[11-28|12:44:43] DEBUG Fetcher finished fetching...
[11-28|12:44:43] DEBUG Finishing up sync with the current fetcher 
[11-28|12:44:43] DEBUG Waiting for best peer (attempt #1)
[11-28|12:44:48] DEBUG Waiting for best peer (attempt #2)
[11-28|12:44:51] INFO Memory stats usage=67 MB percentage=2%
[11-28|12:44:51] INFO New sync target height=46 hash=0x56bee426fe2be89e12baf8ab2fd7715d48d814452195e318ff…
[11-28|12:44:53] DEBUG Waiting for best peer (attempt #3)
[11-28|12:44:58] DEBUG Waiting for best peer (attempt #4)
[11-28|12:45:01] INFO New sync target height=47 hash=0xd6aafe34de272ffcc1d0b19eee1218f05cfb2975aa397e00da…
[11-28|12:45:03] DEBUG Waiting for best peer (attempt #5)
[11-28|12:45:08] DEBUG Waiting for best peer (attempt #6)
[11-28|12:45:11] INFO New sync target height=48 hash=0x12ee3cf73e8a4f9d066571c81f9e57f60708f8706c1e84941a…
[11-28|12:45:13] DEBUG Waiting for best peer (attempt #7)
[11-28|12:45:18] DEBUG Waiting for best peer (attempt #8)
[11-28|12:45:21] DEBUG Memory stats usage=61 MB percentage=1%
[11-28|12:45:21] INFO New sync target height=49 hash=0x46a7c4a64e0e97972dafada6e5bbf326311a0b11bc4326435d…
[11-28|12:45:23] DEBUG Waiting for best peer (attempt #9)
[11-28|12:45:28] DEBUG Waiting for best peer (attempt #10)
[11-28|12:45:31] INFO New sync target height=50 hash=0x0e563c55adb002c1280192b56fc489b5b377572d990899122d…
[11-28|12:45:33] DEBUG Waiting for best peer (attempt #11)
[11-28|12:45:38] DEBUG Waiting for best peer (attempt #12)
[11-28|12:45:41] INFO New sync target height=51 hash=0x195a49376e68e5f7c48491c5001cd4e95bd125ed288e94587a…
[11-28|12:45:43] DEBUG Waiting for best peer (attempt #13)
[11-28|12:45:48] DEBUG Waiting for best peer (attempt #14)
[11-28|12:45:51] DEBUG Memory stats usage=62 MB percentage=1%
[11-28|12:45:51] INFO New sync target height=52 hash=0xd78eeff755bf93e2e32b0aefe52578ce48f4d456de9a99624e…
[11-28|12:45:53] DEBUG Waiting for best peer (attempt #15)
[11-28|12:45:58] DEBUG Waiting for best peer (attempt #16)
[11-28|12:46:01] INFO New sync target height=53 hash=0x1fa0048777e0244d26bd119b2c2ab0e0f8df2d16f0ab87e946…
[11-28|12:46:03] DEBUG Waiting for best peer (attempt #17)
[11-28|12:46:08] DEBUG Waiting for best peer (attempt #18)
[11-28|12:46:11] INFO New sync target height=54 hash=0x4dc01e506cc0abdf4e57f65fae0ced785a5dcba8d229a8bede…
[11-28|12:46:13] DEBUG Waiting for best peer (attempt #19)
[11-28|12:46:15] INFO TxPool Statistics txs=0 senders=0 peers=1
[11-28|12:46:15] INFO TxPool Statistics broadcasts=0/tx/peer broadcasterrors=0/tx/peer knownpeers=0 since minutes=20
[11-28|12:46:15] INFO TxPool Statistics successfuladds=0 failedadds=0 since minutes=60
[11-28|12:46:18] DEBUG Waiting for best peer (attempt #20)
[11-28|12:46:21] INFO Sync status reset (no chain updates for 107 seconds).
[11-28|12:46:21] DEBUG Client synchronized=false syncTargetHeight=54 lastSyncDate=106.879 secs ago
[11-28|12:46:21] DEBUG Memory stats usage=62 MB percentage=1%
[11-28|12:46:21] INFO New sync target height=55 hash=0x564cf3d5341e081b002248880d5b2135d0245e32a8826c87ba…
[11-28|12:46:23] DEBUG Waiting for best peer (attempt #21)
[11-28|12:46:28] DEBUG Waiting for best peer (attempt #22)
[11-28|12:46:31] INFO New sync target height=56 hash=0x3402b81c511a8ecdda9a5198063563721e10e72bb6ee37e9a2…
[11-28|12:46:33] DEBUG Waiting for best peer (attempt #23)
[11-28|12:46:37] INFO Caught interrupt signal. Obtaining client handle for clean shutdown...
[11-28|12:46:37] INFO (This might take a little longer if client not yet fully started)
[11-28|12:46:37] INFO Shutting down the client and the servers...
[11-28|12:46:37] INFO TxPool stopped.
[11-28|12:46:37] INFO Caught interrupt signal. Obtaining client handle for clean shutdown...
[11-28|12:46:37] INFO (This might take a little longer if client not yet fully started)
[11-28|12:46:37] INFO Shutting down the client and the servers...
[11-28|12:46:37] INFO Caught interrupt signal. Obtaining client handle for clean shutdown...
[11-28|12:46:37] INFO (This might take a little longer if client not yet fully started)
[11-28|12:46:37] INFO Shutting down the client and the servers...
[11-28|12:46:37] INFO Caught interrupt signal. Obtaining client handle for clean shutdown...
[11-28|12:46:37] INFO (This might take a little longer if client not yet fully started)
[11-28|12:46:37] INFO Shutting down the client and the servers...
[11-28|12:46:38] DEBUG Waiting for best peer (attempt #24)
[11-28|12:46:41] INFO New sync target height=57 hash=0xea66870235271d312b0488b43df958f13462f07fc117138c16…
[11-28|12:46:43] DEBUG Waiting for best peer (attempt #25)
[11-28|12:46:45] INFO Stopped synchronization.
[11-28|12:46:45] INFO Stopped execution.
